// Jest Snapshot v1, https://goo.gl/fbAQLP

exports[`test with jest snapshot should render correctly 1`] = `
<div
  className="profile-container container"
>
  <div
    className="row"
  >
    <div
      className="col"
    >
      <h1
        data-testid="header"
      >
        My Missions
      </h1>
      <div
        className="list-group"
        onKeyDown={[Function]}
      />
    </div>
    <div
      className="col"
    >
      <h1>
        My Rockets
      </h1>
      <div
        className="list-group"
        onKeyDown={[Function]}
      />
    </div>
  </div>
</div>
`;
